MUTATION LANDED: navigationKey={`${storeId ?? 'unselected'}:${storeGeneration}`} -> navigationKey="sx383-static"

 RUN  v4.1.0 /Users/westbridgeinc/wt-feeui-20260929/apps/mobile

 ❯ |navigation| src/modules/vendor/VendorStack.navigation.test.ts (6 tests | 1 failed | 5 skipped) 189ms
     × the real navigator retires the open Account editor and its dirty draft 186ms

⎯⎯⎯⎯⎯⎯⎯ Failed Tests 1 ⎯⎯⎯⎯⎯⎯⎯

 FAIL  |navigation| src/modules/vendor/VendorStack.navigation.test.ts > SX383 real navigation container and vendor handoffs > the real navigator retires the open Account editor and its dirty draft
AssertionError: expected true to be false // Object.is equality

- Expected
+ Received

- false
+ true

 ❯ src/modules/vendor/VendorStack.navigation.test.ts:220:34
    218|     expect(oldInput.getAttribute('value')).toBe('03:17');
    219|     await act(async () => useStoreSwitcher.getState().setSelectedStore…
    220|     expect(oldInput.isConnected).toBe(false);
       |                                  ^
    221|     expect(navigation.getCurrentRoute()!.name).toBe('Orders');
    222|     await openAccount();

⎯⎯⎯⎯⎯⎯⎯⎯⎯⎯⎯⎯⎯⎯⎯⎯⎯⎯⎯⎯⎯⎯⎯⎯[1/1]⎯


 Test Files  1 failed (1)
      Tests  1 failed | 5 skipped (6)
   Start at  10:41:15
   Duration  6.53s (transform 5.04s, setup 4.55s, import 1.52s, tests 189ms, environment 0ms)

MUTATION EXIT: 1
