
 RUN  v4.1.0 /Users/westbridgeinc/wt-feeui-20260929/apps/mobile

 ❯ |unit| src/services/weekly-fee-notification.test.ts (10 tests | 2 failed) 139ms
     × discards a notification for C when validation spans A → B → A 9ms
     × retires a failed notification retry after A → B → A 3ms
 ❯ |navigation| src/modules/vendor/VendorStack.navigation.test.ts (6 tests | 5 failed) 256ms
     × reconnects A after a batched A → B → A and receives a new order 47ms
     × retires Replace code (/vendor/qr/regenerate) during preflight (round trip=false) 40ms
     × retires Turn off (/vendor/qr/deactivate) during preflight (round trip=false) 31ms
     × retires Replace code (/vendor/qr/regenerate) during preflight (round trip=true) 31ms
     × retires Turn off (/vendor/qr/deactivate) during preflight (round trip=true) 29ms

⎯⎯⎯⎯⎯⎯⎯ Failed Tests 7 ⎯⎯⎯⎯⎯⎯⎯

 FAIL  |unit| src/services/weekly-fee-notification.test.ts > notified subscription context > discards a notification for C when validation spans A → B → A
AssertionError: expected { vendorId: 'store-C', …(1) } to be null

- Expected:
null

+ Received:
{
  "subscriptionId": "subscription-C",
  "vendorId": "store-C",
}

 ❯ src/services/weekly-fee-notification.test.ts:125:27
    123|     useStoreSwitcher.getState().setSelectedStore('store-A');
    124|     finish();
    125|     expect(await pending).toBeNull();
       |                           ^
    126|     expect(useStoreSwitcher.getState().selectedStoreId).toBe('store-A'…
    127|     expect(useStoreSwitcher.getState().feeContextPending).toBe(false);

⎯⎯⎯⎯⎯⎯⎯⎯⎯⎯⎯⎯⎯⎯⎯⎯⎯⎯⎯⎯⎯⎯⎯⎯[1/7]⎯

 FAIL  |unit| src/services/weekly-fee-notification.test.ts > notified subscription context > retires a failed notification retry after A → B → A
AssertionError: expected "vi.fn()" to be called once, but got 2 times
 ❯ src/services/weekly-fee-notification.test.ts:141:21
    139|     useStoreSwitcher.getState().setSelectedStore('store-A');
    140|     await retry();
    141|     expect(request).toHaveBeenCalledOnce();
       |                     ^
    142|     expect(navigate).not.toHaveBeenCalled();
    143|     expect(useStoreSwitcher.getState().selectedStoreId).toBe('store-A'…

⎯⎯⎯⎯⎯⎯⎯⎯⎯⎯⎯⎯⎯⎯⎯⎯⎯⎯⎯⎯⎯⎯⎯⎯[2/7]⎯

 FAIL  |navigation| src/modules/vendor/VendorStack.navigation.test.ts > SX383 real navigation container and vendor handoffs > reconnects A after a batched A → B → A and receives a new order
AssertionError: expected false to be true // Object.is equality

- Expected
+ Received

- true
+ false

 ❯ src/modules/vendor/VendorStack.navigation.test.ts:198:34
    196|     const liveSocket = fx.sockets.at(-1)!;
    197|     expect(oldSocket.connected).toBe(false);
    198|     expect(liveSocket.connected).toBe(true);
       |                                  ^
    199|     expect(liveSocket).not.toBe(oldSocket);
    200|     expect(liveSocket.rooms).toContain('store-A');

⎯⎯⎯⎯⎯⎯⎯⎯⎯⎯⎯⎯⎯⎯⎯⎯⎯⎯⎯⎯⎯⎯⎯⎯[3/7]⎯

 FAIL  |navigation| src/modules/vendor/VendorStack.navigation.test.ts > SX383 real navigation container and vendor handoffs > retires Replace code (/vendor/qr/regenerate) during preflight (round trip=false)
 FAIL  |navigation| src/modules/vendor/VendorStack.navigation.test.ts > SX383 real navigation container and vendor handoffs > retires Replace code (/vendor/qr/regenerate) during preflight (round trip=true)
AssertionError: expected "vi.fn()" to not be called at all, but actually been called 1 times

Received:

  1st vi.fn() call:

    Array [
      "/vendor/qr/regenerate",
      Object {},
      Object {
        "headers": Object {
          "x-vendor-id": "store-A",
        },
      },
    ]


Number of calls: 1

 ❯ src/modules/vendor/VendorStack.navigation.test.ts:245:25
    243|     });
    244|     await act(async () => finish({ data: { data: qr } }));
    245|     expect(fx.post).not.toHaveBeenCalled();
       |                         ^
    246|   });
    247| });

⎯⎯⎯⎯⎯⎯⎯⎯⎯⎯⎯⎯⎯⎯⎯⎯⎯⎯⎯⎯⎯⎯⎯⎯[4/7]⎯

 FAIL  |navigation| src/modules/vendor/VendorStack.navigation.test.ts > SX383 real navigation container and vendor handoffs > retires Turn off (/vendor/qr/deactivate) during preflight (round trip=false)
 FAIL  |navigation| src/modules/vendor/VendorStack.navigation.test.ts > SX383 real navigation container and vendor handoffs > retires Turn off (/vendor/qr/deactivate) during preflight (round trip=true)
AssertionError: expected "vi.fn()" to not be called at all, but actually been called 1 times

Received:

  1st vi.fn() call:

    Array [
      "/vendor/qr/deactivate",
      Object {
        "confirm": true,
      },
      Object {
        "headers": Object {
          "x-vendor-id": "store-A",
        },
      },
    ]


Number of calls: 1

 ❯ src/modules/vendor/VendorStack.navigation.test.ts:245:25
    243|     });
    244|     await act(async () => finish({ data: { data: qr } }));
    245|     expect(fx.post).not.toHaveBeenCalled();
       |                         ^
    246|   });
    247| });

⎯⎯⎯⎯⎯⎯⎯⎯⎯⎯⎯⎯⎯⎯⎯⎯⎯⎯⎯⎯⎯⎯⎯⎯[5/7]⎯


 Test Files  2 failed (2)
      Tests  7 failed | 9 passed (16)
   Start at  10:40:08
   Duration  5.50s (transform 4.53s, setup 4.09s, import 1.74s, tests 394ms, environment 0ms)

